2026-09-26T13:35:36.7352545Z Current runner version: '2.337.0'
2026-09-26T13:35:36.7377907Z ##[group]Runner Image Provisioner
2026-09-26T13:35:36.7378869Z Hosted Compute Agent
2026-09-26T13:35:36.7379439Z Version: 20260828.587
2026-09-26T13:35:36.7380114Z Commit: abac92662cab4cc7352de4f9f9d2e2419aad9c29
2026-09-26T13:35:36.7380851Z Build Date: 2026-08-28T16:44:25Z
2026-09-26T13:35:36.7381523Z Worker ID: {2569beb2-ce0c-49d1-b1ff-aa85ed05ca75}
2026-09-26T13:35:36.7382251Z Azure Region: westcentralus
2026-09-26T13:35:36.7383117Z ##[endgroup]
2026-09-26T13:35:36.7384541Z ##[group]Operating System
2026-09-26T13:35:36.7385177Z Ubuntu
2026-09-26T13:35:36.7385719Z 24.04.5
2026-09-26T13:35:36.7386230Z LTS
2026-09-26T13:35:36.7386732Z ##[endgroup]
2026-09-26T13:35:36.7387280Z ##[group]Runner Image
2026-09-26T13:35:36.7387903Z Image: ubuntu-24.04
2026-09-26T13:35:36.7388459Z Version: 20260920.314.1
2026-09-26T13:35:36.7389711Z Included Software: https://github.com/actions/runner-images/blob/ubuntu24/20260920.314/images/ubuntu/Ubuntu2404-Readme.md
2026-09-26T13:35:36.7391225Z Image Release: https://github.com/actions/runner-images/releases/tag/ubuntu24%2F20260920.314
2026-09-26T13:35:36.7392178Z ##[endgroup]
2026-09-26T13:35:36.7393560Z ##[group]GITHUB_TOKEN Permissions
2026-09-26T13:35:36.7395780Z Contents: read
2026-09-26T13:35:36.7396356Z Metadata: read
2026-09-26T13:35:36.7396889Z ##[endgroup]
2026-09-26T13:35:36.7398859Z Secret source: Actions
2026-09-26T13:35:36.7400037Z Cache mode: write
2026-09-26T13:35:36.7400873Z Prepare workflow directory
2026-09-26T13:35:36.7766326Z Prepare all required actions
2026-09-26T13:35:36.7814640Z Getting action download info
2026-09-26T13:35:37.0558720Z Download action repository 'actions/checkout@11d5960a326750d5838078e36cf38b85af677262' (SHA:11d5960a326750d5838078e36cf38b85af677262)
2026-09-26T13:35:37.1702477Z Download action repository 'shivammathur/setup-php@f3e473d116dcccaddc5834248c87452386958240' (SHA:f3e473d116dcccaddc5834248c87452386958240)
2026-09-26T13:35:37.4956473Z Download action repository 'actions/setup-python@a26af69be951a213d495a4c3e4e4022e16d87065' (SHA:a26af69be951a213d495a4c3e4e4022e16d87065)
2026-09-26T13:35:37.6982387Z Download action repository 'actions/upload-artifact@ea165f8d65b6e75b540449e92b4886f43607fa02' (SHA:ea165f8d65b6e75b540449e92b4886f43607fa02)
2026-09-26T13:35:38.0955714Z Complete job name: release-package
2026-09-26T13:35:38.1806168Z ##[group]Run actions/checkout@11d5960a326750d5838078e36cf38b85af677262
2026-09-26T13:35:38.1807860Z with:
2026-09-26T13:35:38.1808775Z   fetch-depth: 0
2026-09-26T13:35:38.1809786Z   repository: tina4stack/tina4-php
2026-09-26T13:35:38.1818009Z   token: ***
2026-09-26T13:35:38.1818951Z   ssh-strict: true
2026-09-26T13:35:38.1819858Z   ssh-user: git
2026-09-26T13:35:38.1820797Z   persist-credentials: true
2026-09-26T13:35:38.1821836Z   clean: true
2026-09-26T13:35:38.1822772Z   sparse-checkout-cone-mode: true
2026-09-26T13:35:38.1823984Z   fetch-tags: false
2026-09-26T13:35:38.1824918Z   show-progress: true
2026-09-26T13:35:38.1825897Z   lfs: false
2026-09-26T13:35:38.1826840Z   submodules: false
2026-09-26T13:35:38.1827761Z   set-safe-directory: true
2026-09-26T13:35:38.1828830Z   allow-unsafe-pr-checkout: false
2026-09-26T13:35:38.1830089Z ##[endgroup]
2026-09-26T13:35:38.2881772Z Syncing repository: tina4stack/tina4-php
2026-09-26T13:35:38.2885320Z ##[group]Getting Git version info
2026-09-26T13:35:38.2886803Z Working directory is '/home/runner/work/tina4-php/tina4-php'
2026-09-26T13:35:38.2888862Z [command]/usr/bin/git version
2026-09-26T13:35:38.3045024Z git version 2.55.0
2026-09-26T13:35:38.3068642Z ##[endgroup]
2026-09-26T13:35:38.3085504Z Temporarily overriding HOME='/home/runner/work/_temp/7597b3bc-35a3-45c9-9a77-611d1a04e2ab' before making global git config changes
2026-09-26T13:35:38.3089738Z Adding repository directory to the temporary git global config as a safe directory
2026-09-26T13:35:38.3093737Z [command]/usr/bin/git config --global --add safe.directory /home/runner/work/tina4-php/tina4-php
2026-09-26T13:35:38.3153380Z Deleting the contents of '/home/runner/work/tina4-php/tina4-php'
2026-09-26T13:35:38.3169516Z ##[group]Initializing the repository
2026-09-26T13:35:38.3172366Z [command]/usr/bin/git init /home/runner/work/tina4-php/tina4-php
2026-09-26T13:35:38.3249807Z hint: Using 'master' as the name for the initial branch. This default branch name
2026-09-26T13:35:38.3253057Z hint: will change to "main" in Git 3.0. To configure the initial branch name
2026-09-26T13:35:38.3255835Z hint: to use in all of your new repositories, which will suppress this warning,
2026-09-26T13:35:38.3258104Z hint: call:
2026-09-26T13:35:38.3259274Z hint:
2026-09-26T13:35:38.3260735Z hint: 	git config --global init.defaultBranch <name>
2026-09-26T13:35:38.3262740Z hint:
2026-09-26T13:35:38.3264785Z hint: Names commonly chosen instead of 'master' are 'main', 'trunk' and
2026-09-26T13:35:38.3267503Z hint: 'development'. The just-created branch can be renamed via this command:
2026-09-26T13:35:38.3269667Z hint:
2026-09-26T13:35:38.3271259Z hint: 	git branch -m <name>
2026-09-26T13:35:38.3273098Z hint:
2026-09-26T13:35:38.3274703Z hint: Disable this message with "git config set advice.defaultBranchName false"
2026-09-26T13:35:38.3276803Z Initialized empty Git repository in /home/runner/work/tina4-php/tina4-php/.git/
2026-09-26T13:35:38.3281321Z [command]/usr/bin/git remote add origin https://github.com/tina4stack/tina4-php
2026-09-26T13:35:38.3323379Z ##[endgroup]
2026-09-26T13:35:38.3325739Z ##[group]Disabling automatic garbage collection
2026-09-26T13:35:38.3327692Z [command]/usr/bin/git config --local gc.auto 0
2026-09-26T13:35:38.3374658Z ##[endgroup]
2026-09-26T13:35:38.3377659Z ##[group]Setting up auth
2026-09-26T13:35:38.3380467Z [command]/usr/bin/git config --local --name-only --get-regexp core\.sshCommand
2026-09-26T13:35:38.3414084Z [command]/usr/bin/git submodule foreach --recursive sh -c "git config --local --name-only --get-regexp 'core\.sshCommand' && git config --local --unset-all 'core.sshCommand' || :"
2026-09-26T13:35:38.3759712Z [command]/usr/bin/git config --local --name-only --get-regexp http\.https\:\/\/github\.com\/\.extraheader
2026-09-26T13:35:38.3795162Z [command]/usr/bin/git submodule foreach --recursive sh -c "git config --local --name-only --get-regexp 'http\.https\:\/\/github\.com\/\.extraheader' && git config --local --unset-all 'http.https://github.com/.extraheader' || :"
2026-09-26T13:35:38.3989053Z [command]/usr/bin/git config --local --name-only --get-regexp ^includeIf\.gitdir:
2026-09-26T13:35:38.4028414Z [command]/usr/bin/git submodule foreach --recursive git config --local --show-origin --name-only --get-regexp remote.origin.url
2026-09-26T13:35:38.4215460Z [command]/usr/bin/git config --local http.https://github.com/.extraheader AUTHORIZATION: basic ***
2026-09-26T13:35:38.4255035Z ##[endgroup]
2026-09-26T13:35:38.4257331Z ##[group]Fetching the repository
2026-09-26T13:35:38.4266617Z [command]/usr/bin/git -c protocol.version=2 fetch --prune --no-recurse-submodules origin +refs/heads/*:refs/remotes/origin/* +refs/tags/*:refs/tags/*
2026-09-26T13:35:41.7471205Z From https://github.com/tina4stack/tina4-php
2026-09-26T13:35:41.7478205Z  * [new branch]        chore/bump-3.13.139     -> origin/chore/bump-3.13.139
2026-09-26T13:35:41.7479475Z  * [new branch]        feature/release3.13.139 -> origin/feature/release3.13.139
2026-09-26T13:35:41.7480690Z  * [new branch]        fix/auth-hardening      -> origin/fix/auth-hardening
2026-09-26T13:35:41.7481790Z  * [new branch]        fix/dev-surface-hardening -> origin/fix/dev-surface-hardening
2026-09-26T13:35:41.7483064Z  * [new branch]        fix/frond-align-globals -> origin/fix/frond-align-globals
2026-09-26T13:35:41.7484067Z  * [new branch]        fix/medium-security     -> origin/fix/medium-security
2026-09-26T13:35:41.7484800Z  * [new branch]        fix/queue-orm-bugs      -> origin/fix/queue-orm-bugs
2026-09-26T13:35:41.7485522Z  * [new branch]        fix/session-first-use-race -> origin/fix/session-first-use-race
2026-09-26T13:35:41.7486232Z  * [new branch]        fix/skill-bugs-90-91    -> origin/fix/skill-bugs-90-91
2026-09-26T13:35:41.7487182Z  * [new branch]        fix/ssrf-guard          -> origin/fix/ssrf-guard
2026-09-26T13:35:41.7488050Z  * [new branch]        fix/supply-chain-php-publish-and-secret -> origin/fix/supply-chain-php-publish-and-secret
2026-09-26T13:35:41.7488879Z  * [new branch]        main                    -> origin/main
2026-09-26T13:35:41.7489446Z  * [new branch]        v2                      -> origin/v2
2026-09-26T13:35:41.7490063Z  * [new branch]        v3                      -> origin/v3
2026-09-26T13:35:41.7490659Z  * [new tag]           3.0.0                   -> 3.0.0
2026-09-26T13:35:41.7491206Z  * [new tag]           3.0.0-rc.1              -> 3.0.0-rc.1
2026-09-26T13:35:41.7491760Z  * [new tag]           3.0.0-rc.2              -> 3.0.0-rc.2
2026-09-26T13:35:41.7492283Z  * [new tag]           3.0.0-rc.3              -> 3.0.0-rc.3
2026-09-26T13:35:41.7493060Z  * [new tag]           3.0.0-rc.4              -> 3.0.0-rc.4
2026-09-26T13:35:41.7493687Z  * [new tag]           3.0.0-rc.5              -> 3.0.0-rc.5
2026-09-26T13:35:41.7494322Z  * [new tag]           3.1.0                   -> 3.1.0
2026-09-26T13:35:41.7495261Z  * [new tag]           3.1.1                   -> 3.1.1
2026-09-26T13:35:41.7495979Z  * [new tag]           3.1.2                   -> 3.1.2
2026-09-26T13:35:41.7496692Z  * [new tag]           3.10.0                  -> 3.10.0
2026-09-26T13:35:41.7497723Z  * [new tag]           3.10.1                  -> 3.10.1
2026-09-26T13:35:41.7498551Z  * [new tag]           3.10.10                 -> 3.10.10
2026-09-26T13:35:41.7499288Z  * [new tag]           3.10.11                 -> 3.10.11
2026-09-26T13:35:41.7500077Z  * [new tag]           3.10.12                 -> 3.10.12
2026-09-26T13:35:41.7500930Z  * [new tag]           3.10.13                 -> 3.10.13
2026-09-26T13:35:41.7502526Z  * [new tag]           3.10.14                 -> 3.10.14
2026-09-26T13:35:41.7503439Z  * [new tag]           3.10.15                 -> 3.10.15
2026-09-26T13:35:41.7504181Z  * [new tag]           3.10.16                 -> 3.10.16
2026-09-26T13:35:41.7504844Z  * [new tag]           3.10.17                 -> 3.10.17
2026-09-26T13:35:41.7505545Z  * [new tag]           3.10.18                 -> 3.10.18
2026-09-26T13:35:41.7506399Z  * [new tag]           3.10.2                  -> 3.10.2
2026-09-26T13:35:41.7507350Z  * [new tag]           3.10.20                 -> 3.10.20
2026-09-26T13:35:41.7508178Z  * [new tag]           3.10.21                 -> 3.10.21
2026-09-26T13:35:41.7508953Z  * [new tag]           3.10.22                 -> 3.10.22
2026-09-26T13:35:41.7509788Z  * [new tag]           3.10.23                 -> 3.10.23
2026-09-26T13:35:41.7510835Z  * [new tag]           3.10.24                 -> 3.10.24
2026-09-26T13:35:41.7511663Z  * [new tag]           3.10.25                 -> 3.10.25
2026-09-26T13:35:41.7512497Z  * [new tag]           3.10.26                 -> 3.10.26
2026-09-26T13:35:41.7513483Z  * [new tag]           3.10.27                 -> 3.10.27
2026-09-26T13:35:41.7514116Z  * [new tag]           3.10.28                 -> 3.10.28
2026-09-26T13:35:41.7514752Z  * [new tag]           3.10.29                 -> 3.10.29
2026-09-26T13:35:41.7515386Z  * [new tag]           3.10.3                  -> 3.10.3
2026-09-26T13:35:41.7516001Z  * [new tag]           3.10.30                 -> 3.10.30
2026-09-26T13:35:41.7516611Z  * [new tag]           3.10.31                 -> 3.10.31
2026-09-26T13:35:41.7517483Z  * [new tag]           3.10.32                 -> 3.10.32
2026-09-26T13:35:41.7518177Z  * [new tag]           3.10.33                 -> 3.10.33
2026-09-26T13:35:41.7518843Z  * [new tag]           3.10.34                 -> 3.10.34
2026-09-26T13:35:41.7519456Z  * [new tag]           3.10.35                 -> 3.10.35
2026-09-26T13:35:41.7520076Z  * [new tag]           3.10.36                 -> 3.10.36
2026-09-26T13:35:41.7520687Z  * [new tag]           3.10.37                 -> 3.10.37
2026-09-26T13:35:41.7521308Z  * [new tag]           3.10.38                 -> 3.10.38
2026-09-26T13:35:41.7522064Z  * [new tag]           3.10.39                 -> 3.10.39
2026-09-26T13:35:41.7522663Z  * [new tag]           3.10.4                  -> 3.10.4
2026-09-26T13:35:41.7523499Z  * [new tag]           3.10.40                 -> 3.10.40
2026-09-26T13:35:41.7524161Z  * [new tag]           3.10.41                 -> 3.10.41
2026-09-26T13:35:41.7524844Z  * [new tag]           3.10.42                 -> 3.10.42
2026-09-26T13:35:41.7525504Z  * [new tag]           3.10.45                 -> 3.10.45
2026-09-26T13:35:41.7526115Z  * [new tag]           3.10.46                 -> 3.10.46
2026-09-26T13:35:41.7526747Z  * [new tag]           3.10.47                 -> 3.10.47
2026-09-26T13:35:41.7527356Z  * [new tag]           3.10.48                 -> 3.10.48
2026-09-26T13:35:41.7528059Z  * [new tag]           3.10.49                 -> 3.10.49
2026-09-26T13:35:41.7528755Z  * [new tag]           3.10.5                  -> 3.10.5
2026-09-26T13:35:41.7529350Z  * [new tag]           3.10.50                 -> 3.10.50
2026-09-26T13:35:41.7530010Z  * [new tag]           3.10.54                 -> 3.10.54
2026-09-26T13:35:41.7530628Z  * [new tag]           3.10.55                 -> 3.10.55
2026-09-26T13:35:41.7531744Z  * [new tag]           3.10.56                 -> 3.10.56
2026-09-26T13:35:41.7532419Z  * [new tag]           3.10.57                 -> 3.10.57
2026-09-26T13:35:41.7533235Z  * [new tag]           3.10.59                 -> 3.10.59
2026-09-26T13:35:41.7533901Z  * [new tag]           3.10.6                  -> 3.10.6
2026-09-26T13:35:41.7534516Z  * [new tag]           3.10.60                 -> 3.10.60
2026-09-26T13:35:41.7535162Z  * [new tag]           3.10.61                 -> 3.10.61
2026-09-26T13:35:41.7535787Z  * [new tag]           3.10.65                 -> 3.10.65
2026-09-26T13:35:41.7536403Z  * [new tag]           3.10.66                 -> 3.10.66
2026-09-26T13:35:41.7537030Z  * [new tag]           3.10.67                 -> 3.10.67
2026-09-26T13:35:41.7537646Z  * [new tag]           3.10.68                 -> 3.10.68
2026-09-26T13:35:41.7538367Z  * [new tag]           3.10.70                 -> 3.10.70
2026-09-26T13:35:41.7538990Z  * [new tag]           3.10.71                 -> 3.10.71
2026-09-26T13:35:41.7539627Z  * [new tag]           3.10.73                 -> 3.10.73
2026-09-26T13:35:41.7540478Z  * [new tag]           3.10.74                 -> 3.10.74
2026-09-26T13:35:41.7541122Z  * [new tag]           3.10.75                 -> 3.10.75
2026-09-26T13:35:41.7541750Z  * [new tag]           3.10.76                 -> 3.10.76
2026-09-26T13:35:41.7542374Z  * [new tag]           3.10.77                 -> 3.10.77
2026-09-26T13:35:41.7543125Z  * [new tag]           3.10.78                 -> 3.10.78
2026-09-26T13:35:41.7543802Z  * [new tag]           3.10.79                 -> 3.10.79
2026-09-26T13:35:41.7544411Z  * [new tag]           3.10.80                 -> 3.10.80
2026-09-26T13:35:41.7544985Z  * [new tag]           3.10.82                 -> 3.10.82
2026-09-26T13:35:41.7545616Z  * [new tag]           3.10.83                 -> 3.10.83
2026-09-26T13:35:41.7546196Z  * [new tag]           3.10.84                 -> 3.10.84
2026-09-26T13:35:41.7546795Z  * [new tag]           3.10.85                 -> 3.10.85
2026-09-26T13:35:41.7547390Z  * [new tag]           3.10.86                 -> 3.10.86
2026-09-26T13:35:41.7548017Z  * [new tag]           3.10.87                 -> 3.10.87
2026-09-26T13:35:41.7548651Z  * [new tag]           3.10.89                 -> 3.10.89
2026-09-26T13:35:41.7549237Z  * [new tag]           3.10.90                 -> 3.10.90
2026-09-26T13:35:41.7549833Z  * [new tag]           3.10.91                 -> 3.10.91
2026-09-26T13:35:41.7550456Z  * [new tag]           3.10.92                 -> 3.10.92
2026-09-26T13:35:41.7551058Z  * [new tag]           3.10.93                 -> 3.10.93
2026-09-26T13:35:41.7551683Z  * [new tag]           3.10.95                 -> 3.10.95
2026-09-26T13:35:41.7552290Z  * [new tag]           3.10.98                 -> 3.10.98
2026-09-26T13:35:41.7553025Z  * [new tag]           3.10.99                 -> 3.10.99
2026-09-26T13:35:41.7553710Z  * [new tag]           3.11.0                  -> 3.11.0
2026-09-26T13:35:41.7554280Z  * [new tag]           3.11.1                  -> 3.11.1
2026-09-26T13:35:41.7554875Z  * [new tag]           3.11.10                 -> 3.11.10
2026-09-26T13:35:41.7555447Z  * [new tag]           3.11.11                 -> 3.11.11
2026-09-26T13:35:41.7555998Z  * [new tag]           3.11.12                 -> 3.11.12
2026-09-26T13:35:41.7556633Z  * [new tag]           3.11.13                 -> 3.11.13
2026-09-26T13:35:41.7557200Z  * [new tag]           3.11.14                 -> 3.11.14
2026-09-26T13:35:41.7557784Z  * [new tag]           3.11.15                 -> 3.11.15
2026-09-26T13:35:41.7558391Z  * [new tag]           3.11.17                 -> 3.11.17
2026-09-26T13:35:41.7558946Z  * [new tag]           3.11.18                 -> 3.11.18
2026-09-26T13:35:41.7559570Z  * [new tag]           3.11.19                 -> 3.11.19
2026-09-26T13:35:41.7560148Z  * [new tag]           3.11.2                  -> 3.11.2
2026-09-26T13:35:41.7560736Z  * [new tag]           3.11.20                 -> 3.11.20
2026-09-26T13:35:41.7561343Z  * [new tag]           3.11.21                 -> 3.11.21
2026-09-26T13:35:41.7561941Z  * [new tag]           3.11.22                 -> 3.11.22
2026-09-26T13:35:41.7562593Z  * [new tag]           3.11.23                 -> 3.11.23
2026-09-26T13:35:41.7563341Z  * [new tag]           3.11.24                 -> 3.11.24
2026-09-26T13:35:41.7563933Z  * [new tag]           3.11.25                 -> 3.11.25
2026-09-26T13:35:41.7564527Z  * [new tag]           3.11.26                 -> 3.11.26
2026-09-26T13:35:41.7565111Z  * [new tag]           3.11.27                 -> 3.11.27
2026-09-26T13:35:41.7565738Z  * [new tag]           3.11.28                 -> 3.11.28
2026-09-26T13:35:41.7566320Z  * [new tag]           3.11.29                 -> 3.11.29
2026-09-26T13:35:41.7566891Z  * [new tag]           3.11.3                  -> 3.11.3
2026-09-26T13:35:41.7567554Z  * [new tag]           3.11.30                 -> 3.11.30
2026-09-26T13:35:41.7568146Z  * [new tag]           3.11.31                 -> 3.11.31
2026-09-26T13:35:41.7568763Z  * [new tag]           3.11.32                 -> 3.11.32
2026-09-26T13:35:41.7569419Z  * [new tag]           3.11.33                 -> 3.11.33
2026-09-26T13:35:41.7569990Z  * [new tag]           3.11.34                 -> 3.11.34
2026-09-26T13:35:41.7570624Z  * [new tag]           3.11.35                 -> 3.11.35
2026-09-26T13:35:41.7571280Z  * [new tag]           3.11.36                 -> 3.11.36
2026-09-26T13:35:41.7572019Z  * [new tag]           3.11.4                  -> 3.11.4
2026-09-26T13:35:41.7572708Z  * [new tag]           3.11.5                  -> 3.11.5
2026-09-26T13:35:41.7573410Z  * [new tag]           3.11.6                  -> 3.11.6
2026-09-26T13:35:41.7574175Z  * [new tag]           3.11.7                  -> 3.11.7
2026-09-26T13:35:41.7574975Z  * [new tag]           3.11.8                  -> 3.11.8
2026-09-26T13:35:41.7575761Z  * [new tag]           3.11.9                  -> 3.11.9
2026-09-26T13:35:41.7576530Z  * [new tag]           3.12.0                  -> 3.12.0
2026-09-26T13:35:41.7577169Z  * [new tag]           3.12.1                  -> 3.12.1
2026-09-26T13:35:41.7577796Z  * [new tag]           3.12.10                 -> 3.12.10
2026-09-26T13:35:41.7578554Z  * [new tag]           3.12.11                 -> 3.12.11
2026-09-26T13:35:41.7579255Z  * [new tag]           3.12.12                 -> 3.12.12
2026-09-26T13:35:41.7579979Z  * [new tag]           3.12.13                 -> 3.12.13
2026-09-26T13:35:41.7580681Z  * [new tag]           3.12.14                 -> 3.12.14
2026-09-26T13:35:41.7581460Z  * [new tag]           3.12.2                  -> 3.12.2
2026-09-26T13:35:41.7582173Z  * [new tag]           3.12.3                  -> 3.12.3
2026-09-26T13:35:41.7582984Z  * [new tag]           3.12.4                  -> 3.12.4
2026-09-26T13:35:41.7584035Z  * [new tag]           3.12.5                  -> 3.12.5
2026-09-26T13:35:41.7584840Z  * [new tag]           3.12.6                  -> 3.12.6
2026-09-26T13:35:41.7585603Z  * [new tag]           3.12.7                  -> 3.12.7
2026-09-26T13:35:41.7586274Z  * [new tag]           3.12.8                  -> 3.12.8
2026-09-26T13:35:41.7586864Z  * [new tag]           3.12.9                  -> 3.12.9
2026-09-26T13:35:41.7587483Z  * [new tag]           3.13.0                  -> 3.13.0
2026-09-26T13:35:41.7588066Z  * [new tag]           3.13.1                  -> 3.13.1
2026-09-26T13:35:41.7588667Z  * [new tag]           3.13.100                -> 3.13.100
2026-09-26T13:35:41.7589359Z  * [new tag]           3.13.101                -> 3.13.101
2026-09-26T13:35:41.7590271Z  * [new tag]           3.13.102                -> 3.13.102
2026-09-26T13:35:41.7590927Z  * [new tag]           3.13.103                -> 3.13.103
2026-09-26T13:35:41.7591517Z  * [new tag]           3.13.104                -> 3.13.104
2026-09-26T13:35:41.7592106Z  * [new tag]           3.13.105                -> 3.13.105
2026-09-26T13:35:41.7592717Z  * [new tag]           3.13.107                -> 3.13.107
2026-09-26T13:35:41.7593497Z  * [new tag]           3.13.109                -> 3.13.109
2026-09-26T13:35:41.7594106Z  * [new tag]           3.13.11                 -> 3.13.11
2026-09-26T13:35:41.7594677Z  * [new tag]           3.13.110                -> 3.13.110
2026-09-26T13:35:41.7595308Z  * [new tag]           3.13.111                -> 3.13.111
2026-09-26T13:35:41.7595903Z  * [new tag]           3.13.112                -> 3.13.112
2026-09-26T13:35:41.7596463Z  * [new tag]           3.13.113                -> 3.13.113
2026-09-26T13:35:41.7597122Z  * [new tag]           3.13.114                -> 3.13.114
2026-09-26T13:35:41.7597725Z  * [new tag]           3.13.115                -> 3.13.115
2026-09-26T13:35:41.7598300Z  * [new tag]           3.13.116                -> 3.13.116
2026-09-26T13:35:41.7598918Z  * [new tag]           3.13.117                -> 3.13.117
2026-09-26T13:35:41.7599494Z  * [new tag]           3.13.118                -> 3.13.118
2026-09-26T13:35:41.7600111Z  * [new tag]           3.13.119                -> 3.13.119
2026-09-26T13:35:41.7600673Z  * [new tag]           3.13.12                 -> 3.13.12
2026-09-26T13:35:41.7601324Z  * [new tag]           3.13.120                -> 3.13.120
2026-09-26T13:35:41.7601954Z  * [new tag]           3.13.121                -> 3.13.121
2026-09-26T13:35:41.7602516Z  * [new tag]           3.13.122                -> 3.13.122
2026-09-26T13:35:41.7603256Z  * [new tag]           3.13.123                -> 3.13.123
2026-09-26T13:35:41.7603835Z  * [new tag]           3.13.124                -> 3.13.124
2026-09-26T13:35:41.7604404Z  * [new tag]           3.13.125                -> 3.13.125
2026-09-26T13:35:41.7605041Z  * [new tag]           3.13.126                -> 3.13.126
2026-09-26T13:35:41.7605601Z  * [new tag]           3.13.127                -> 3.13.127
2026-09-26T13:35:41.7606235Z  * [new tag]           3.13.128                -> 3.13.128
2026-09-26T13:35:41.7607117Z  * [new tag]           3.13.129                -> 3.13.129
2026-09-26T13:35:41.7608020Z  * [new tag]           3.13.13                 -> 3.13.13
2026-09-26T13:35:41.7608879Z  * [new tag]           3.13.130                -> 3.13.130
2026-09-26T13:35:41.7609758Z  * [new tag]           3.13.131                -> 3.13.131
2026-09-26T13:35:41.7610385Z  * [new tag]           3.13.132                -> 3.13.132
2026-09-26T13:35:41.7610955Z  * [new tag]           3.13.133                -> 3.13.133
2026-09-26T13:35:41.7611547Z  * [new tag]           3.13.134                -> 3.13.134
2026-09-26T13:35:41.7612238Z  * [new tag]           3.13.135                -> 3.13.135
2026-09-26T13:35:41.7613523Z  * [new tag]           3.13.136                -> 3.13.136
2026-09-26T13:35:41.7614178Z  * [new tag]           3.13.137                -> 3.13.137
2026-09-26T13:35:41.7614829Z  * [new tag]           3.13.138                -> 3.13.138
2026-09-26T13:35:41.7615602Z  * [new tag]           3.13.139                -> 3.13.139
2026-09-26T13:35:41.7616337Z  * [new tag]           3.13.14                 -> 3.13.14
2026-09-26T13:35:41.7616899Z  * [new tag]           3.13.16                 -> 3.13.16
2026-09-26T13:35:41.7617489Z  * [new tag]           3.13.17                 -> 3.13.17
2026-09-26T13:35:41.7618396Z  * [new tag]           3.13.18                 -> 3.13.18
2026-09-26T13:35:41.7619298Z  * [new tag]           3.13.19                 -> 3.13.19
2026-09-26T13:35:41.7620283Z  * [new tag]           3.13.2                  -> 3.13.2
2026-09-26T13:35:41.7621395Z  * [new tag]           3.13.21                 -> 3.13.21
2026-09-26T13:35:41.7622439Z  * [new tag]           3.13.23                 -> 3.13.23
2026-09-26T13:35:41.7623458Z  * [new tag]           3.13.24                 -> 3.13.24
2026-09-26T13:35:41.7624205Z  * [new tag]           3.13.26                 -> 3.13.26
2026-09-26T13:35:41.7624782Z  * [new tag]           3.13.29                 -> 3.13.29
2026-09-26T13:35:41.7625384Z  * [new tag]           3.13.3                  -> 3.13.3
2026-09-26T13:35:41.7626176Z  * [new tag]           3.13.30                 -> 3.13.30
2026-09-26T13:35:41.7626909Z  * [new tag]           3.13.31                 -> 3.13.31
2026-09-26T13:35:41.7627496Z  * [new tag]           3.13.32                 -> 3.13.32
2026-09-26T13:35:41.7628052Z  * [new tag]           3.13.33                 -> 3.13.33
2026-09-26T13:35:41.7628610Z  * [new tag]           3.13.34                 -> 3.13.34
2026-09-26T13:35:41.7629153Z  * [new tag]           3.13.35                 -> 3.13.35
2026-09-26T13:35:41.7629712Z  * [new tag]           3.13.36                 -> 3.13.36
2026-09-26T13:35:41.7630273Z  * [new tag]           3.13.37                 -> 3.13.37
2026-09-26T13:35:41.7630861Z  * [new tag]           3.13.38                 -> 3.13.38
2026-09-26T13:35:41.7631728Z  * [new tag]           3.13.39                 -> 3.13.39
2026-09-26T13:35:41.7632320Z  * [new tag]           3.13.4                  -> 3.13.4
2026-09-26T13:35:41.7633117Z  * [new tag]           3.13.40                 -> 3.13.40
2026-09-26T13:35:41.7633716Z  * [new tag]           3.13.41                 -> 3.13.41
2026-09-26T13:35:41.7634244Z  * [new tag]           3.13.42                 -> 3.13.42
2026-09-26T13:35:41.7634998Z  * [new tag]           3.13.43                 -> 3.13.43
2026-09-26T13:35:41.7635584Z  * [new tag]           3.13.44                 -> 3.13.44
2026-09-26T13:35:41.7636171Z  * [new tag]           3.13.45                 -> 3.13.45
2026-09-26T13:35:41.7636709Z  * [new tag]           3.13.46                 -> 3.13.46
2026-09-26T13:35:41.7637240Z  * [new tag]           3.13.47                 -> 3.13.47
2026-09-26T13:35:41.7637810Z  * [new tag]           3.13.48                 -> 3.13.48
2026-09-26T13:35:41.7638357Z  * [new tag]           3.13.49                 -> 3.13.49
2026-09-26T13:35:41.7638930Z  * [new tag]           3.13.5                  -> 3.13.5
2026-09-26T13:35:41.7639492Z  * [new tag]           3.13.50                 -> 3.13.50
2026-09-26T13:35:41.7640046Z  * [new tag]           3.13.51                 -> 3.13.51
2026-09-26T13:35:41.7640743Z  * [new tag]           3.13.52                 -> 3.13.52
2026-09-26T13:35:41.7641279Z  * [new tag]           3.13.53                 -> 3.13.53
2026-09-26T13:35:41.7641850Z  * [new tag]           3.13.54                 -> 3.13.54
2026-09-26T13:35:41.7642406Z  * [new tag]           3.13.55                 -> 3.13.55
2026-09-26T13:35:41.7643199Z  * [new tag]           3.13.56                 -> 3.13.56
2026-09-26T13:35:41.7643786Z  * [new tag]           3.13.57                 -> 3.13.57
2026-09-26T13:35:41.7644339Z  * [new tag]           3.13.58                 -> 3.13.58
2026-09-26T13:35:41.7644949Z  * [new tag]           3.13.59                 -> 3.13.59
2026-09-26T13:35:41.7645505Z  * [new tag]           3.13.6                  -> 3.13.6
2026-09-26T13:35:41.7646054Z  * [new tag]           3.13.60                 -> 3.13.60
2026-09-26T13:35:41.7646701Z  * [new tag]           3.13.61                 -> 3.13.61
2026-09-26T13:35:41.7647239Z  * [new tag]           3.13.62                 -> 3.13.62
2026-09-26T13:35:41.7647797Z  * [new tag]           3.13.63                 -> 3.13.63
2026-09-26T13:35:41.7648365Z  * [new tag]           3.13.64                 -> 3.13.64
2026-09-26T13:35:41.7648914Z  * [new tag]           3.13.66                 -> 3.13.66
2026-09-26T13:35:41.7649506Z  * [new tag]           3.13.67                 -> 3.13.67
2026-09-26T13:35:41.7650046Z  * [new tag]           3.13.68                 -> 3.13.68
2026-09-26T13:35:41.7650597Z  * [new tag]           3.13.69                 -> 3.13.69
2026-09-26T13:35:41.7651159Z  * [new tag]           3.13.7                  -> 3.13.7
2026-09-26T13:35:41.7651690Z  * [new tag]           3.13.70                 -> 3.13.70
2026-09-26T13:35:41.7652240Z  * [new tag]           3.13.71                 -> 3.13.71
2026-09-26T13:35:41.7652939Z  * [new tag]           3.13.72                 -> 3.13.72
2026-09-26T13:35:41.7653626Z  * [new tag]           3.13.73                 -> 3.13.73
2026-09-26T13:35:41.7654228Z  * [new tag]           3.13.74                 -> 3.13.74
2026-09-26T13:35:41.7654777Z  * [new tag]           3.13.75                 -> 3.13.75
2026-09-26T13:35:41.7655337Z  * [new tag]           3.13.76                 -> 3.13.76
2026-09-26T13:35:41.7655881Z  * [new tag]           3.13.77                 -> 3.13.77
2026-09-26T13:35:41.7656463Z  * [new tag]           3.13.78                 -> 3.13.78
2026-09-26T13:35:41.7657008Z  * [new tag]           3.13.79                 -> 3.13.79
2026-09-26T13:35:41.7657547Z  * [new tag]           3.13.80                 -> 3.13.80
2026-09-26T13:35:41.7658121Z  * [new tag]           3.13.81                 -> 3.13.81
2026-09-26T13:35:41.7658695Z  * [new tag]           3.13.82                 -> 3.13.82
2026-09-26T13:35:41.7659233Z  * [new tag]           3.13.83                 -> 3.13.83
2026-09-26T13:35:41.7659784Z  * [new tag]           3.13.84                 -> 3.13.84
2026-09-26T13:35:41.7660330Z  * [new tag]           3.13.85                 -> 3.13.85
2026-09-26T13:35:41.7660849Z  * [new tag]           3.13.86                 -> 3.13.86
2026-09-26T13:35:41.7661410Z  * [new tag]           3.13.87                 -> 3.13.87
2026-09-26T13:35:41.7662039Z  * [new tag]           3.13.88                 -> 3.13.88
2026-09-26T13:35:41.7662645Z  * [new tag]           3.13.89                 -> 3.13.89
2026-09-26T13:35:41.7663431Z  * [new tag]           3.13.9                  -> 3.13.9
2026-09-26T13:35:41.7663960Z  * [new tag]           3.13.90                 -> 3.13.90
2026-09-26T13:35:41.7664554Z  * [new tag]           3.13.91                 -> 3.13.91
2026-09-26T13:35:41.7665102Z  * [new tag]           3.13.92                 -> 3.13.92
2026-09-26T13:35:41.7665633Z  * [new tag]           3.13.93                 -> 3.13.93
2026-09-26T13:35:41.7666184Z  * [new tag]           3.13.94                 -> 3.13.94
2026-09-26T13:35:41.7666725Z  * [new tag]           3.13.95                 -> 3.13.95
2026-09-26T13:35:41.7667343Z  * [new tag]           3.13.96                 -> 3.13.96
2026-09-26T13:35:41.7667875Z  * [new tag]           3.13.97                 -> 3.13.97
2026-09-26T13:35:41.7668413Z  * [new tag]           3.13.98                 -> 3.13.98
2026-09-26T13:35:41.7668970Z  * [new tag]           3.13.99                 -> 3.13.99
2026-09-26T13:35:41.7669511Z  * [new tag]           3.2.0                   -> 3.2.0
2026-09-26T13:35:41.7670093Z  * [new tag]           3.2.1                   -> 3.2.1
2026-09-26T13:35:41.7670629Z  * [new tag]           3.2.2                   -> 3.2.2
2026-09-26T13:35:41.7671149Z  * [new tag]           3.3.0                   -> 3.3.0
2026-09-26T13:35:41.7671754Z  * [new tag]           3.4.0                   -> 3.4.0
2026-09-26T13:35:41.7672285Z  * [new tag]           3.5.0                   -> 3.5.0
2026-09-26T13:35:41.7673003Z  * [new tag]           3.6.0                   -> 3.6.0
2026-09-26T13:35:41.7673653Z  * [new tag]           3.7.0                   -> 3.7.0
2026-09-26T13:35:41.7674257Z  * [new tag]           3.7.1                   -> 3.7.1
2026-09-26T13:35:41.7674819Z  * [new tag]           3.7.2                   -> 3.7.2
2026-09-26T13:35:41.7675349Z  * [new tag]           3.8.0                   -> 3.8.0
2026-09-26T13:35:41.7675903Z  * [new tag]           3.8.1                   -> 3.8.1
2026-09-26T13:35:41.7676479Z  * [new tag]           3.8.2                   -> 3.8.2
2026-09-26T13:35:41.7676984Z  * [new tag]           3.8.3                   -> 3.8.3
2026-09-26T13:35:41.7677538Z  * [new tag]           3.8.7                   -> 3.8.7
2026-09-26T13:35:41.7678061Z  * [new tag]           3.9.0                   -> 3.9.0
2026-09-26T13:35:41.7678607Z  * [new tag]           3.9.1                   -> 3.9.1
2026-09-26T13:35:41.7679146Z  * [new tag]           3.9.2                   -> 3.9.2
2026-09-26T13:35:41.7679730Z  * [new tag]           3.9.3                   -> 3.9.3
2026-09-26T13:35:41.7680277Z  * [new tag]           3.9.4                   -> 3.9.4
2026-09-26T13:35:41.7680890Z  * [new tag]           v.0.0.10                -> v.0.0.10
2026-09-26T13:35:41.7681456Z  * [new tag]           v.0.0.101               -> v.0.0.101
2026-09-26T13:35:41.7682038Z  * [new tag]           v.0.0.44                -> v.0.0.44
2026-09-26T13:35:41.7682601Z  * [new tag]           v.0.0.7                 -> v.0.0.7
2026-09-26T13:35:41.7683281Z  * [new tag]           v0.0.070                -> v0.0.070
2026-09-26T13:35:41.7683844Z  * [new tag]           v0.0.1                  -> v0.0.1
2026-09-26T13:35:41.7684416Z  * [new tag]           v0.0.10                 -> v0.0.10
2026-09-26T13:35:41.7685058Z  * [new tag]           v0.0.100                -> v0.0.100
2026-09-26T13:35:41.7685635Z  * [new tag]           v0.0.11                 -> v0.0.11
2026-09-26T13:35:41.7686188Z  * [new tag]           v0.0.12                 -> v0.0.12
2026-09-26T13:35:41.7686751Z  * [new tag]           v0.0.13                 -> v0.0.13
2026-09-26T13:35:41.7687292Z  * [new tag]           v0.0.14                 -> v0.0.14
2026-09-26T13:35:41.7687871Z  * [new tag]           v0.0.15                 -> v0.0.15
2026-09-26T13:35:41.7688404Z  * [new tag]           v0.0.16                 -> v0.0.16
2026-09-26T13:35:41.7688940Z  * [new tag]           v0.0.17                 -> v0.0.17
2026-09-26T13:35:41.7689598Z  * [new tag]           v0.0.18                 -> v0.0.18
2026-09-26T13:35:41.7690149Z  * [new tag]           v0.0.19                 -> v0.0.19
2026-09-26T13:35:41.7690720Z  * [new tag]           v0.0.2                  -> v0.0.2
2026-09-26T13:35:41.7691251Z  * [new tag]           v0.0.20                 -> v0.0.20
2026-09-26T13:35:41.7691789Z  * [new tag]           v0.0.21                 -> v0.0.21
2026-09-26T13:35:41.7692364Z  * [new tag]           v0.0.22                 -> v0.0.22
2026-09-26T13:35:41.7692977Z  * [new tag]           v0.0.23                 -> v0.0.23
2026-09-26T13:35:41.7693555Z  * [new tag]           v0.0.24                 -> v0.0.24
2026-09-26T13:35:41.7694102Z  * [new tag]           v0.0.25                 -> v0.0.25
2026-09-26T13:35:41.7694669Z  * [new tag]           v0.0.26                 -> v0.0.26
2026-09-26T13:35:41.7695238Z  * [new tag]           v0.0.27                 -> v0.0.27
2026-09-26T13:35:41.7695778Z  * [new tag]           v0.0.28                 -> v0.0.28
2026-09-26T13:35:41.7696325Z  * [new tag]           v0.0.29                 -> v0.0.29
2026-09-26T13:35:41.7696866Z  * [new tag]           v0.0.3                  -> v0.0.3
2026-09-26T13:35:41.7697385Z  * [new tag]           v0.0.30                 -> v0.0.30
2026-09-26T13:35:41.7697987Z  * [new tag]           v0.0.31                 -> v0.0.31
2026-09-26T13:35:41.7698519Z  * [new tag]           v0.0.32                 -> v0.0.32
2026-09-26T13:35:41.7699098Z  * [new tag]           v0.0.33                 -> v0.0.33
2026-09-26T13:35:41.7699622Z  * [new tag]           v0.0.34                 -> v0.0.34
2026-09-26T13:35:41.7700124Z  * [new tag]           v0.0.35                 -> v0.0.35
2026-09-26T13:35:41.7700826Z  * [new tag]           v0.0.36                 -> v0.0.36
2026-09-26T13:35:41.7701356Z  * [new tag]           v0.0.37                 -> v0.0.37
2026-09-26T13:35:41.7701887Z  * [new tag]           v0.0.38                 -> v0.0.38
2026-09-26T13:35:41.7702437Z  * [new tag]           v0.0.39                 -> v0.0.39
2026-09-26T13:35:41.7703038Z  * [new tag]           v0.0.4                  -> v0.0.4
2026-09-26T13:35:41.7703665Z  * [new tag]           v0.0.40                 -> v0.0.40
2026-09-26T13:35:41.7704184Z  * [new tag]           v0.0.41                 -> v0.0.41
2026-09-26T13:35:41.7704704Z  * [new tag]           v0.0.42                 -> v0.0.42
2026-09-26T13:35:41.7705230Z  * [new tag]           v0.0.43                 -> v0.0.43
2026-09-26T13:35:41.7705754Z  * [new tag]           v0.0.44                 -> v0.0.44
2026-09-26T13:35:41.7706316Z  * [new tag]           v0.0.45                 -> v0.0.45
2026-09-26T13:35:41.7706832Z  * [new tag]           v0.0.46                 -> v0.0.46
2026-09-26T13:35:41.7707410Z  * [new tag]           v0.0.47                 -> v0.0.47
2026-09-26T13:35:41.7707947Z  * [new tag]           v0.0.48                 -> v0.0.48
2026-09-26T13:35:41.7708499Z  * [new tag]           v0.0.49                 -> v0.0.49
2026-09-26T13:35:41.7709060Z  * [new tag]           v0.0.5                  -> v0.0.5
2026-09-26T13:35:41.7709581Z  * [new tag]           v0.0.50                 -> v0.0.50
2026-09-26T13:35:41.7710091Z  * [new tag]           v0.0.51                 -> v0.0.51
2026-09-26T13:35:41.7710643Z  * [new tag]           v0.0.52                 -> v0.0.52
2026-09-26T13:35:41.7711162Z  * [new tag]           v0.0.53                 -> v0.0.53
2026-09-26T13:35:41.7711770Z  * [new tag]           v0.0.54                 -> v0.0.54
2026-09-26T13:35:41.7712306Z  * [new tag]           v0.0.55                 -> v0.0.55
2026-09-26T13:35:41.7713084Z  * [new tag]           v0.0.56                 -> v0.0.56
2026-09-26T13:35:41.7713729Z  * [new tag]           v0.0.57                 -> v0.0.57
2026-09-26T13:35:41.7714293Z  * [new tag]           v0.0.58                 -> v0.0.58
2026-09-26T13:35:41.7714833Z  * [new tag]           v0.0.59                 -> v0.0.59
2026-09-26T13:35:41.7715391Z  * [new tag]           v0.0.6                  -> v0.0.6
2026-09-26T13:35:41.7716027Z  * [new tag]           v0.0.60                 -> v0.0.60
2026-09-26T13:35:41.7716609Z  * [new tag]           v0.0.61                 -> v0.0.61
2026-09-26T13:35:41.7717174Z  * [new tag]           v0.0.62                 -> v0.0.62
2026-09-26T13:35:41.7717708Z  * [new tag]           v0.0.63                 -> v0.0.63
2026-09-26T13:35:41.7718258Z  * [new tag]           v0.0.64                 -> v0.0.64
2026-09-26T13:35:41.7718795Z  * [new tag]           v0.0.65                 -> v0.0.65
2026-09-26T13:35:41.7719345Z  * [new tag]           v0.0.66                 -> v0.0.66
2026-09-26T13:35:41.7719901Z  * [new tag]           v0.0.67                 -> v0.0.67
2026-09-26T13:35:41.7720438Z  * [new tag]           v0.0.68                 -> v0.0.68
2026-09-26T13:35:41.7721039Z  * [new tag]           v0.0.69                 -> v0.0.69
2026-09-26T13:35:41.7721581Z  * [new tag]           v0.0.7                  -> v0.0.7
2026-09-26T13:35:41.7722136Z  * [new tag]           v0.0.70                 -> v0.0.70
2026-09-26T13:35:41.7722682Z  * [new tag]           v0.0.71                 -> v0.0.71
2026-09-26T13:35:41.7723299Z  * [new tag]           v0.0.72                 -> v0.0.72
2026-09-26T13:35:41.7723858Z  * [new tag]           v0.0.73                 -> v0.0.73
2026-09-26T13:35:41.7724378Z  * [new tag]           v0.0.74                 -> v0.0.74
2026-09-26T13:35:41.7724906Z  * [new tag]           v0.0.75                 -> v0.0.75
2026-09-26T13:35:41.7725666Z  * [new tag]           v0.0.76                 -> v0.0.76
2026-09-26T13:35:41.7726533Z  * [new tag]           v0.0.77                 -> v0.0.77
2026-09-26T13:35:41.7727205Z  * [new tag]           v0.0.78                 -> v0.0.78
2026-09-26T13:35:41.7727921Z  * [new tag]           v0.0.79                 -> v0.0.79
2026-09-26T13:35:41.7728522Z  * [new tag]           v0.0.8                  -> v0.0.8
2026-09-26T13:35:41.7729188Z  * [new tag]           v0.0.80                 -> v0.0.80
2026-09-26T13:35:41.7729963Z  * [new tag]           v0.0.81                 -> v0.0.81
2026-09-26T13:35:41.7730577Z  * [new tag]           v0.0.82                 -> v0.0.82
2026-09-26T13:35:41.7731168Z  * [new tag]           v0.0.83                 -> v0.0.83
2026-09-26T13:35:41.7731714Z  * [new tag]           v0.0.84                 -> v0.0.84
2026-09-26T13:35:41.7732243Z  * [new tag]           v0.0.85                 -> v0.0.85
2026-09-26T13:35:41.7732875Z  * [new tag]           v0.0.86                 -> v0.0.86
2026-09-26T13:35:41.7733528Z  * [new tag]           v0.0.87                 -> v0.0.87
2026-09-26T13:35:41.7734145Z  * [new tag]           v0.0.88                 -> v0.0.88
2026-09-26T13:35:41.7734697Z  * [new tag]           v0.0.89                 -> v0.0.89
2026-09-26T13:35:41.7735312Z  * [new tag]           v0.0.9                  -> v0.0.9
2026-09-26T13:35:41.7735898Z  * [new tag]           v0.0.90                 -> v0.0.90
2026-09-26T13:35:41.7736440Z  * [new tag]           v0.0.91                 -> v0.0.91
2026-09-26T13:35:41.7736962Z  * [new tag]           v0.0.92                 -> v0.0.92
2026-09-26T13:35:41.7737743Z  * [new tag]           v0.0.93                 -> v0.0.93
2026-09-26T13:35:41.7738358Z  * [new tag]           v0.0.94                 -> v0.0.94
2026-09-26T13:35:41.7738977Z  * [new tag]           v0.0.95                 -> v0.0.95
2026-09-26T13:35:41.7739535Z  * [new tag]           v0.0.96                 -> v0.0.96
2026-09-26T13:35:41.7740118Z  * [new tag]           v0.0.97                 -> v0.0.97
2026-09-26T13:35:41.7740684Z  * [new tag]           v0.0.98                 -> v0.0.98
2026-09-26T13:35:41.7741242Z  * [new tag]           v0.0.99                 -> v0.0.99
2026-09-26T13:35:41.7741837Z  * [new tag]           v0.1.1                  -> v0.1.1
2026-09-26T13:35:41.7742444Z  * [new tag]           v0.1.10                 -> v0.1.10
2026-09-26T13:35:41.7743163Z  * [new tag]           v0.1.100                -> v0.1.100
2026-09-26T13:35:41.7743863Z  * [new tag]           v0.1.101                -> v0.1.101
2026-09-26T13:35:41.7744589Z  * [new tag]           v0.1.102                -> v0.1.102
2026-09-26T13:35:41.7745154Z  * [new tag]           v0.1.103                -> v0.1.103
2026-09-26T13:35:41.7745742Z  * [new tag]           v0.1.104                -> v0.1.104
2026-09-26T13:35:41.7746285Z  * [new tag]           v0.1.105                -> v0.1.105
2026-09-26T13:35:41.7746881Z  * [new tag]           v0.1.106                -> v0.1.106
2026-09-26T13:35:41.7747465Z  * [new tag]           v0.1.107                -> v0.1.107
2026-09-26T13:35:41.7748070Z  * [new tag]           v0.1.108                -> v0.1.108
2026-09-26T13:35:41.7748671Z  * [new tag]           v0.1.109                -> v0.1.109
2026-09-26T13:35:41.7749234Z  * [new tag]           v0.1.11                 -> v0.1.11
2026-09-26T13:35:41.7749820Z  * [new tag]           v0.1.110                -> v0.1.110
2026-09-26T13:35:41.7750543Z  * [new tag]           v0.1.111                -> v0.1.111
2026-09-26T13:35:41.7751162Z  * [new tag]           v0.1.112                -> v0.1.112
2026-09-26T13:35:41.7751800Z  * [new tag]           v0.1.113                -> v0.1.113
2026-09-26T13:35:41.7752584Z  * [new tag]           v0.1.114                -> v0.1.114
2026-09-26T13:35:41.7753344Z  * [new tag]           v0.1.115                -> v0.1.115
2026-09-26T13:35:41.7753926Z  * [new tag]           v0.1.116                -> v0.1.116
2026-09-26T13:35:41.7754470Z  * [new tag]           v0.1.117                -> v0.1.117
2026-09-26T13:35:41.7755033Z  * [new tag]           v0.1.118                -> v0.1.118
2026-09-26T13:35:41.7755577Z  * [new tag]           v0.1.119                -> v0.1.119
2026-09-26T13:35:41.7756130Z  * [new tag]           v0.1.12                 -> v0.1.12
2026-09-26T13:35:41.7756810Z  * [new tag]           v0.1.120                -> v0.1.120
2026-09-26T13:35:41.7757386Z  * [new tag]           v0.1.121                -> v0.1.121
2026-09-26T13:35:41.7757940Z  * [new tag]           v0.1.122                -> v0.1.122
2026-09-26T13:35:41.7758484Z  * [new tag]           v0.1.123                -> v0.1.123
2026-09-26T13:35:41.7759039Z  * [new tag]           v0.1.13                 -> v0.1.13
2026-09-26T13:35:41.7759614Z  * [new tag]           v0.1.14                 -> v0.1.14
2026-09-26T13:35:41.7760150Z  * [new tag]           v0.1.15                 -> v0.1.15
2026-09-26T13:35:41.7760690Z  * [new tag]           v0.1.16                 -> v0.1.16
2026-09-26T13:35:41.7761301Z  * [new tag]           v0.1.17                 -> v0.1.17
2026-09-26T13:35:41.7761823Z  * [new tag]           v0.1.18                 -> v0.1.18
2026-09-26T13:35:41.7762393Z  * [new tag]           v0.1.19                 -> v0.1.19
2026-09-26T13:35:41.7763025Z  * [new tag]           v0.1.2                  -> v0.1.2
2026-09-26T13:35:41.7763611Z  * [new tag]           v0.1.20                 -> v0.1.20
2026-09-26T13:35:41.7764169Z  * [new tag]           v0.1.21                 -> v0.1.21
2026-09-26T13:35:41.7764728Z  * [new tag]           v0.1.22                 -> v0.1.22
2026-09-26T13:35:41.7765289Z  * [new tag]           v0.1.23                 -> v0.1.23
2026-09-26T13:35:41.7765867Z  * [new tag]           v0.1.24                 -> v0.1.24
2026-09-26T13:35:41.7766402Z  * [new tag]           v0.1.25                 -> v0.1.25
2026-09-26T13:35:41.7766974Z  * [new tag]           v0.1.26                 -> v0.1.26
2026-09-26T13:35:41.7767514Z  * [new tag]           v0.1.27                 -> v0.1.27
2026-09-26T13:35:41.7768070Z  * [new tag]           v0.1.28                 -> v0.1.28
2026-09-26T13:35:41.7768608Z  * [new tag]           v0.1.29                 -> v0.1.29
2026-09-26T13:35:41.7769134Z  * [new tag]           v0.1.3                  -> v0.1.3
2026-09-26T13:35:41.7769714Z  * [new tag]           v0.1.30                 -> v0.1.30
2026-09-26T13:35:41.7770310Z  * [new tag]           v0.1.31                 -> v0.1.31
2026-09-26T13:35:41.7770868Z  * [new tag]           v0.1.32                 -> v0.1.32
2026-09-26T13:35:41.7771407Z  * [new tag]           v0.1.33                 -> v0.1.33
2026-09-26T13:35:41.7772006Z  * [new tag]           v0.1.34                 -> v0.1.34
2026-09-26T13:35:41.7772605Z  * [new tag]           v0.1.35                 -> v0.1.35
2026-09-26T13:35:41.7773239Z  * [new tag]           v0.1.36                 -> v0.1.36
2026-09-26T13:35:41.7773799Z  * [new tag]           v0.1.37                 -> v0.1.37
2026-09-26T13:35:41.7774349Z  * [new tag]           v0.1.38                 -> v0.1.38
2026-09-26T13:35:41.7774902Z  * [new tag]           v0.1.39                 -> v0.1.39
2026-09-26T13:35:41.7775501Z  * [new tag]           v0.1.4                  -> v0.1.4
2026-09-26T13:35:41.7776042Z  * [new tag]           v0.1.40                 -> v0.1.40
2026-09-26T13:35:41.7776607Z  * [new tag]           v0.1.41                 -> v0.1.41
2026-09-26T13:35:41.7777154Z  * [new tag]           v0.1.42                 -> v0.1.42
2026-09-26T13:35:41.7777695Z  * [new tag]           v0.1.43                 -> v0.1.43
2026-09-26T13:35:41.7778292Z  * [new tag]           v0.1.44                 -> v0.1.44
2026-09-26T13:35:41.7778877Z  * [new tag]           v0.1.45                 -> v0.1.45
2026-09-26T13:35:41.7779492Z  * [new tag]           v0.1.46                 -> v0.1.46
2026-09-26T13:35:41.7780045Z  * [new tag]           v0.1.47                 -> v0.1.47
2026-09-26T13:35:41.7780589Z  * [new tag]           v0.1.48                 -> v0.1.48
2026-09-26T13:35:41.7781165Z  * [new tag]           v0.1.49                 -> v0.1.49
2026-09-26T13:35:41.7781703Z  * [new tag]           v0.1.5                  -> v0.1.5
2026-09-26T13:35:41.7782231Z  * [new tag]           v0.1.50                 -> v0.1.50
2026-09-26T13:35:41.7782880Z  * [new tag]           v0.1.51                 -> v0.1.51
2026-09-26T13:35:41.7783662Z  * [new tag]           v0.1.52                 -> v0.1.52
2026-09-26T13:35:41.7784304Z  * [new tag]           v0.1.53                 -> v0.1.53
2026-09-26T13:35:41.7784857Z  * [new tag]           v0.1.54                 -> v0.1.54
2026-09-26T13:35:41.7785398Z  * [new tag]           v0.1.55                 -> v0.1.55
2026-09-26T13:35:41.7785966Z  * [new tag]           v0.1.56                 -> v0.1.56
2026-09-26T13:35:41.7786500Z  * [new tag]           v0.1.57                 -> v0.1.57
2026-09-26T13:35:41.7787077Z  * [new tag]           v0.1.58                 -> v0.1.58
2026-09-26T13:35:41.7787627Z  * [new tag]           v0.1.59                 -> v0.1.59
2026-09-26T13:35:41.7788175Z  * [new tag]           v0.1.6                  -> v0.1.6
2026-09-26T13:35:41.7788774Z  * [new tag]           v0.1.60                 -> v0.1.60
2026-09-26T13:35:41.7789341Z  * [new tag]           v0.1.61                 -> v0.1.61
2026-09-26T13:35:41.7789889Z  * [new tag]           v0.1.62                 -> v0.1.62
2026-09-26T13:35:41.7790446Z  * [new tag]           v0.1.63                 -> v0.1.63
2026-09-26T13:35:41.7790985Z  * [new tag]           v0.1.64                 -> v0.1.64
2026-09-26T13:35:41.7791542Z  * [new tag]           v0.1.65                 -> v0.1.65
2026-09-26T13:35:41.7792094Z  * [new tag]           v0.1.66                 -> v0.1.66
2026-09-26T13:35:41.7792698Z  * [new tag]           v0.1.67                 -> v0.1.67
2026-09-26T13:35:41.7793449Z  * [new tag]           v0.1.68                 -> v0.1.68
2026-09-26T13:35:41.7794009Z  * [new tag]           v0.1.69                 -> v0.1.69
2026-09-26T13:35:41.7794579Z  * [new tag]           v0.1.7                  -> v0.1.7
2026-09-26T13:35:41.7795149Z  * [new tag]           v0.1.70                 -> v0.1.70
2026-09-26T13:35:41.7795679Z  * [new tag]           v0.1.71                 -> v0.1.71
2026-09-26T13:35:41.7796266Z  * [new tag]           v0.1.72                 -> v0.1.72
2026-09-26T13:35:41.7796800Z  * [new tag]           v0.1.73                 -> v0.1.73
2026-09-26T13:35:41.7797396Z  * [new tag]           v0.1.74                 -> v0.1.74
2026-09-26T13:35:41.7797955Z  * [new tag]           v0.1.75                 -> v0.1.75
2026-09-26T13:35:41.7798475Z  * [new tag]           v0.1.76                 -> v0.1.76
2026-09-26T13:35:41.7799161Z  * [new tag]           v0.1.77                 -> v0.1.77
2026-09-26T13:35:41.7799686Z  * [new tag]           v0.1.78                 -> v0.1.78
2026-09-26T13:35:41.7800210Z  * [new tag]           v0.1.79                 -> v0.1.79
2026-09-26T13:35:41.7800769Z  * [new tag]           v0.1.8                  -> v0.1.8
2026-09-26T13:35:41.7801291Z  * [new tag]           v0.1.80                 -> v0.1.80
2026-09-26T13:35:41.7801862Z  * [new tag]           v0.1.81                 -> v0.1.81
2026-09-26T13:35:41.7802389Z  * [new tag]           v0.1.82                 -> v0.1.82
2026-09-26T13:35:41.7803176Z  * [new tag]           v0.1.83                 -> v0.1.83
2026-09-26T13:35:41.7803807Z  * [new tag]           v0.1.84                 -> v0.1.84
2026-09-26T13:35:41.7804342Z  * [new tag]           v0.1.85                 -> v0.1.85
2026-09-26T13:35:41.7805059Z  * [new tag]           v0.1.86                 -> v0.1.86
2026-09-26T13:35:41.7805777Z  * [new tag]           v0.1.87                 -> v0.1.87
2026-09-26T13:35:41.7806510Z  * [new tag]           v0.1.88                 -> v0.1.88
2026-09-26T13:35:41.7807392Z  * [new tag]           v0.1.89                 -> v0.1.89
2026-09-26T13:35:41.7808239Z  * [new tag]           v0.1.9                  -> v0.1.9
2026-09-26T13:35:41.7808900Z  * [new tag]           v0.1.90                 -> v0.1.90
2026-09-26T13:35:41.7809671Z  * [new tag]           v0.1.91                 -> v0.1.91
2026-09-26T13:35:41.7810401Z  * [new tag]           v0.1.92                 -> v0.1.92
2026-09-26T13:35:41.7811216Z  * [new tag]           v0.1.93                 -> v0.1.93
2026-09-26T13:35:41.7811917Z  * [new tag]           v0.1.94                 -> v0.1.94
2026-09-26T13:35:41.7813384Z  * [new tag]           v0.1.95                 -> v0.1.95
2026-09-26T13:35:41.7813972Z  * [new tag]           v0.1.96                 -> v0.1.96
2026-09-26T13:35:41.7814506Z  * [new tag]           v0.1.97                 -> v0.1.97
2026-09-26T13:35:41.7815078Z  * [new tag]           v0.1.98                 -> v0.1.98
2026-09-26T13:35:41.7815598Z  * [new tag]           v0.1.99                 -> v0.1.99
2026-09-26T13:35:41.7816133Z  * [new tag]           v2.0.0                  -> v2.0.0
2026-09-26T13:35:41.7816852Z  * [new tag]           v2.0.1                  -> v2.0.1
2026-09-26T13:35:41.7817572Z  * [new tag]           v2.0.10                 -> v2.0.10
2026-09-26T13:35:41.7818301Z  * [new tag]           v2.0.11                 -> v2.0.11
2026-09-26T13:35:41.7818858Z  * [new tag]           v2.0.12                 -> v2.0.12
2026-09-26T13:35:41.7819410Z  * [new tag]           v2.0.13                 -> v2.0.13
2026-09-26T13:35:41.7819939Z  * [new tag]           v2.0.14                 -> v2.0.14
2026-09-26T13:35:41.7820465Z  * [new tag]           v2.0.15                 -> v2.0.15
2026-09-26T13:35:41.7821038Z  * [new tag]           v2.0.16                 -> v2.0.16
2026-09-26T13:35:41.7821558Z  * [new tag]           v2.0.17                 -> v2.0.17
2026-09-26T13:35:41.7822077Z  * [new tag]           v2.0.18                 -> v2.0.18
2026-09-26T13:35:41.7822670Z  * [new tag]           v2.0.19                 -> v2.0.19
2026-09-26T13:35:41.7823753Z  * [new tag]           v2.0.2                  -> v2.0.2
2026-09-26T13:35:41.7824335Z  * [new tag]           v2.0.20                 -> v2.0.20
2026-09-26T13:35:41.7824858Z  * [new tag]           v2.0.21                 -> v2.0.21
2026-09-26T13:35:41.7825374Z  * [new tag]           v2.0.22                 -> v2.0.22
2026-09-26T13:35:41.7825901Z  * [new tag]           v2.0.23                 -> v2.0.23
2026-09-26T13:35:41.7826451Z  * [new tag]           v2.0.24                 -> v2.0.24
2026-09-26T13:35:41.7827058Z  * [new tag]           v2.0.25                 -> v2.0.25
2026-09-26T13:35:41.7827631Z  * [new tag]           v2.0.26                 -> v2.0.26
2026-09-26T13:35:41.7828154Z  * [new tag]           v2.0.27                 -> v2.0.27
2026-09-26T13:35:41.7828696Z  * [new tag]           v2.0.28                 -> v2.0.28
2026-09-26T13:35:41.7829341Z  * [new tag]           v2.0.29                 -> v2.0.29
2026-09-26T13:35:41.7829880Z  * [new tag]           v2.0.3                  -> v2.0.3
2026-09-26T13:35:41.7830397Z  * [new tag]           v2.0.30                 -> v2.0.30
2026-09-26T13:35:41.7830902Z  * [new tag]           v2.0.31                 -> v2.0.31
2026-09-26T13:35:41.7831606Z  * [new tag]           v2.0.32                 -> v2.0.32
2026-09-26T13:35:41.7832328Z  * [new tag]           v2.0.33                 -> v2.0.33
2026-09-26T13:35:41.7833154Z  * [new tag]           v2.0.34                 -> v2.0.34
2026-09-26T13:35:41.7833854Z  * [new tag]           v2.0.35                 -> v2.0.35
2026-09-26T13:35:41.7834611Z  * [new tag]           v2.0.36                 -> v2.0.36
2026-09-26T13:35:41.7835179Z  * [new tag]           v2.0.37                 -> v2.0.37
2026-09-26T13:35:41.7835743Z  * [new tag]           v2.0.38                 -> v2.0.38
2026-09-26T13:35:41.7836299Z  * [new tag]           v2.0.39                 -> v2.0.39
2026-09-26T13:35:41.7836875Z  * [new tag]           v2.0.4                  -> v2.0.4
2026-09-26T13:35:41.7837438Z  * [new tag]           v2.0.40                 -> v2.0.40
2026-09-26T13:35:41.7838028Z  * [new tag]           v2.0.41                 -> v2.0.41
2026-09-26T13:35:41.7838608Z  * [new tag]           v2.0.42                 -> v2.0.42
2026-09-26T13:35:41.7839163Z  * [new tag]           v2.0.43                 -> v2.0.43
2026-09-26T13:35:41.7839724Z  * [new tag]           v2.0.44                 -> v2.0.44
2026-09-26T13:35:41.7840276Z  * [new tag]           v2.0.45                 -> v2.0.45
2026-09-26T13:35:41.7840852Z  * [new tag]           v2.0.46                 -> v2.0.46
2026-09-26T13:35:41.7841518Z  * [new tag]           v2.0.47                 -> v2.0.47
2026-09-26T13:35:41.7842073Z  * [new tag]           v2.0.48                 -> v2.0.48
2026-09-26T13:35:41.7842601Z  * [new tag]           v2.0.49                 -> v2.0.49
2026-09-26T13:35:41.7843543Z  * [new tag]           v2.0.5                  -> v2.0.5
2026-09-26T13:35:41.7844134Z  * [new tag]           v2.0.50                 -> v2.0.50
2026-09-26T13:35:41.7844660Z  * [new tag]           v2.0.51                 -> v2.0.51
2026-09-26T13:35:41.7845170Z  * [new tag]           v2.0.52                 -> v2.0.52
2026-09-26T13:35:41.7845725Z  * [new tag]           v2.0.53                 -> v2.0.53
2026-09-26T13:35:41.7846247Z  * [new tag]           v2.0.54                 -> v2.0.54
2026-09-26T13:35:41.7846840Z  * [new tag]           v2.0.55                 -> v2.0.55
2026-09-26T13:35:41.7847358Z  * [new tag]           v2.0.56                 -> v2.0.56
2026-09-26T13:35:41.7847972Z  * [new tag]           v2.0.57                 -> v2.0.57
2026-09-26T13:35:41.7848555Z  * [new tag]           v2.0.58                 -> v2.0.58
2026-09-26T13:35:41.7849077Z  * [new tag]           v2.0.59                 -> v2.0.59
2026-09-26T13:35:41.7849600Z  * [new tag]           v2.0.6                  -> v2.0.6
2026-09-26T13:35:41.7850162Z  * [new tag]           v2.0.60                 -> v2.0.60
2026-09-26T13:35:41.7850679Z  * [new tag]           v2.0.61                 -> v2.0.61
2026-09-26T13:35:41.7851243Z  * [new tag]           v2.0.62                 -> v2.0.62
2026-09-26T13:35:41.7851763Z  * [new tag]           v2.0.63                 -> v2.0.63
2026-09-26T13:35:41.7852302Z  * [new tag]           v2.0.64                 -> v2.0.64
2026-09-26T13:35:41.7853335Z  * [new tag]           v2.0.67                 -> v2.0.67
2026-09-26T13:35:41.7853890Z  * [new tag]           v2.0.68                 -> v2.0.68
2026-09-26T13:35:41.7854429Z  * [new tag]           v2.0.69                 -> v2.0.69
2026-09-26T13:35:41.7854946Z  * [new tag]           v2.0.7                  -> v2.0.7
2026-09-26T13:35:41.7855750Z  * [new tag]           v2.0.70                 -> v2.0.70
2026-09-26T13:35:41.7856295Z  * [new tag]           v2.0.71                 -> v2.0.71
2026-09-26T13:35:41.7856816Z  * [new tag]           v2.0.72                 -> v2.0.72
2026-09-26T13:35:41.7857447Z  * [new tag]           v2.0.73                 -> v2.0.73
2026-09-26T13:35:41.7857965Z  * [new tag]           v2.0.74                 -> v2.0.74
2026-09-26T13:35:41.7858486Z  * [new tag]           v2.0.75                 -> v2.0.75
2026-09-26T13:35:41.7859214Z  * [new tag]           v2.0.76                 -> v2.0.76
2026-09-26T13:35:41.7859745Z  * [new tag]           v2.0.77                 -> v2.0.77
2026-09-26T13:35:41.7860311Z  * [new tag]           v2.0.78                 -> v2.0.78
2026-09-26T13:35:41.7860888Z  * [new tag]           v2.0.79                 -> v2.0.79
2026-09-26T13:35:41.7861848Z  * [new tag]           v2.0.8                  -> v2.0.8
2026-09-26T13:35:41.7862432Z  * [new tag]           v2.0.80                 -> v2.0.80
2026-09-26T13:35:41.7863421Z  * [new tag]           v2.0.81                 -> v2.0.81
2026-09-26T13:35:41.7864002Z  * [new tag]           v2.0.82                 -> v2.0.82
2026-09-26T13:35:41.7864533Z  * [new tag]           v2.0.83                 -> v2.0.83
2026-09-26T13:35:41.7865080Z  * [new tag]           v2.0.84                 -> v2.0.84
2026-09-26T13:35:41.7865812Z  * [new tag]           v2.0.85                 -> v2.0.85
2026-09-26T13:35:41.7866536Z  * [new tag]           v2.0.86                 -> v2.0.86
2026-09-26T13:35:41.7867254Z  * [new tag]           v2.0.87                 -> v2.0.87
2026-09-26T13:35:41.7867788Z  * [new tag]           v2.0.88                 -> v2.0.88
2026-09-26T13:35:41.7868332Z  * [new tag]           v2.0.89                 -> v2.0.89
2026-09-26T13:35:41.7868870Z  * [new tag]           v2.0.9                  -> v2.0.9
2026-09-26T13:35:41.7869394Z  * [new tag]           v2.0.90                 -> v2.0.90
2026-09-26T13:35:41.7869998Z  * [new tag]           v2.0.91                 -> v2.0.91
2026-09-26T13:35:41.7870611Z  * [new tag]           v2.0.92                 -> v2.0.92
2026-09-26T13:35:41.7871131Z  * [new tag]           v2.0.93                 -> v2.0.93
2026-09-26T13:35:41.7871741Z  * [new tag]           v2.0.94                 -> v2.0.94
2026-09-26T13:35:41.7872505Z  * [new tag]           v2.0.95                 -> v2.0.95
2026-09-26T13:35:41.7873222Z  * [new tag]           v2.0.96                 -> v2.0.96
2026-09-26T13:35:41.7873807Z  * [new tag]           v2.0.97                 -> v2.0.97
2026-09-26T13:35:41.7874330Z  * [new tag]           v2.0.98                 -> v2.0.98
2026-09-26T13:35:41.7874844Z  * [new tag]           v2.0.99                 -> v2.0.99
2026-09-26T13:35:41.7875418Z  * [new tag]           v2.1.0                  -> v2.1.0
2026-09-26T13:35:41.7875928Z  * [new tag]           v2.1.1                  -> v2.1.1
2026-09-26T13:35:41.7876489Z  * [new tag]           v2.1.2                  -> v2.1.2
2026-09-26T13:35:41.7877014Z  * [new tag]           v2.1.3                  -> v2.1.3
2026-09-26T13:35:41.7878814Z [command]/usr/bin/git tag --list 3.13.139
2026-09-26T13:35:41.7879303Z 3.13.139
2026-09-26T13:35:41.7880366Z [command]/usr/bin/git rev-parse refs/tags/3.13.139
2026-09-26T13:35:41.7880909Z 5d13799a57be8ad531e7eb2982d10d9b8e807a4c
2026-09-26T13:35:41.7882278Z [command]/usr/bin/git -c protocol.version=2 fetch --no-tags --prune --no-recurse-submodules origin +50d798606b1ba23a4a47bb5d287bbcbb5f4473b5:refs/tags/3.13.139
2026-09-26T13:35:41.7883304Z From https://github.com/tina4stack/tina4-php
2026-09-26T13:35:41.7883914Z  t [tag update]        50d798606b1ba23a4a47bb5d287bbcbb5f4473b5 -> 3.13.139
2026-09-26T13:35:41.7885274Z ##[endgroup]
2026-09-26T13:35:41.7886066Z ##[group]Determining the checkout info
2026-09-26T13:35:41.7886823Z ##[endgroup]
2026-09-26T13:35:41.7887291Z [command]/usr/bin/git sparse-checkout disable
2026-09-26T13:35:41.7888453Z [command]/usr/bin/git config --local --unset-all extensions.worktreeConfig
2026-09-26T13:35:41.7897258Z ##[group]Checking out the ref
2026-09-26T13:35:41.7901200Z [command]/usr/bin/git checkout --progress --force refs/tags/3.13.139
2026-09-26T13:35:41.8849896Z Note: switching to 'refs/tags/3.13.139'.
2026-09-26T13:35:41.8850714Z 
2026-09-26T13:35:41.8851315Z You are in 'detached HEAD' state. You can look around, make experimental
2026-09-26T13:35:41.8852070Z changes and commit them, and you can discard any commits you make in this
2026-09-26T13:35:41.8853066Z state without impacting any branches by switching back to a branch.
2026-09-26T13:35:41.8853528Z 
2026-09-26T13:35:41.8853880Z If you want to create a new branch to retain commits you create, you may
2026-09-26T13:35:41.8854590Z do so (now or later) by using -c with the switch command. Example:
2026-09-26T13:35:41.8854980Z 
2026-09-26T13:35:41.8855252Z   git switch -c <new-branch-name>
2026-09-26T13:35:41.8855538Z 
2026-09-26T13:35:41.8855789Z Or undo this operation with:
2026-09-26T13:35:41.8856076Z 
2026-09-26T13:35:41.8856334Z   git switch -
2026-09-26T13:35:41.8856610Z 
2026-09-26T13:35:41.8856942Z Turn off this advice by setting config variable advice.detachedHead to false
2026-09-26T13:35:41.8857370Z 
2026-09-26T13:35:41.8857737Z HEAD is now at 50d79860 Merge pull request #240 from tina4stack/chore/bump-3.13.139
2026-09-26T13:35:41.8862060Z ##[endgroup]
2026-09-26T13:35:41.8904986Z [command]/usr/bin/git log -1 --format=%H
2026-09-26T13:35:41.8927493Z 50d798606b1ba23a4a47bb5d287bbcbb5f4473b5
2026-09-26T13:35:41.9156303Z ##[group]Run shivammathur/setup-php@f3e473d116dcccaddc5834248c87452386958240
2026-09-26T13:35:41.9157008Z with:
2026-09-26T13:35:41.9157467Z   php-version: 8.2
2026-09-26T13:35:41.9157911Z   ini-file: production
2026-09-26T13:35:41.9160608Z   github-token: ***
2026-09-26T13:35:41.9161047Z ##[endgroup]
2026-09-26T13:35:41.9526542Z [command]/usr/bin/bash /home/runner/work/_actions/shivammathur/setup-php/f3e473d116dcccaddc5834248c87452386958240/src/scripts/run.sh
2026-09-26T13:35:41.9884510Z 
2026-09-26T13:35:41.9886142Z ==> Setup PHP
2026-09-26T13:35:48.9164254Z ✓ PHP Installed PHP 8.2.34
2026-09-26T13:35:48.9164936Z 
2026-09-26T13:35:48.9165183Z ==> Setup Tools
2026-09-26T13:35:49.4505152Z ✓ composer Added composer 2.10.3
2026-09-26T13:35:49.4513875Z 
2026-09-26T13:35:49.4514665Z ==> Sponsor setup-php
2026-09-26T13:35:49.4516018Z ✓ setup-php https://setup-php.com/sponsor
2026-09-26T13:35:49.4725325Z ##[group]Run actions/setup-python@a26af69be951a213d495a4c3e4e4022e16d87065
2026-09-26T13:35:49.4725780Z with:
2026-09-26T13:35:49.4726138Z   python-version: 3.13
2026-09-26T13:35:49.4726454Z   check-latest: false
2026-09-26T13:35:49.4728717Z   token: ***
2026-09-26T13:35:49.4729016Z   update-environment: true
2026-09-26T13:35:49.4729331Z   allow-prereleases: false
2026-09-26T13:35:49.4729700Z   freethreaded: false
2026-09-26T13:35:49.4730022Z env:
2026-09-26T13:35:49.4730313Z   COMPOSER_PROCESS_TIMEOUT: 0
2026-09-26T13:35:49.4730659Z   COMPOSER_NO_INTERACTION: 1
2026-09-26T13:35:49.4730982Z   COMPOSER_NO_AUDIT: 1
2026-09-26T13:35:49.4731348Z ##[endgroup]
2026-09-26T13:35:49.6026394Z ##[group]Installed versions
2026-09-26T13:35:49.6585710Z (node:2651) [DEP0040] DeprecationWarning: The `punycode` module is deprecated. Please use a userland alternative instead.
2026-09-26T13:35:49.6586477Z (Use `node --trace-deprecation ...` to show where the warning was created)
2026-09-26T13:35:49.6587348Z Successfully set up CPython (3.13.15)
2026-09-26T13:35:49.6588142Z ##[endgroup]
2026-09-26T13:35:49.6708804Z ##[group]Run python3 scripts/check_dependency_licenses.py
2026-09-26T13:35:49.6709348Z python3 scripts/check_dependency_licenses.py
2026-09-26T13:35:49.6709918Z python3 -m unittest discover -s scripts -p test_dependency_licenses.py
2026-09-26T13:35:49.7216713Z shell: /usr/bin/bash -e {0}
2026-09-26T13:35:49.7217133Z env:
2026-09-26T13:35:49.7217566Z   COMPOSER_PROCESS_TIMEOUT: 0
2026-09-26T13:35:49.7217922Z   COMPOSER_NO_INTERACTION: 1
2026-09-26T13:35:49.7218230Z   COMPOSER_NO_AUDIT: 1
2026-09-26T13:35:49.7218665Z   pythonLocation: /opt/hostedtoolcache/Python/3.13.15/x64
2026-09-26T13:35:49.7219187Z   PKG_CONFIG_PATH: /opt/hostedtoolcache/Python/3.13.15/x64/lib/pkgconfig
2026-09-26T13:35:49.7219691Z   Python_ROOT_DIR: /opt/hostedtoolcache/Python/3.13.15/x64
2026-09-26T13:35:49.7220164Z   Python2_ROOT_DIR: /opt/hostedtoolcache/Python/3.13.15/x64
2026-09-26T13:35:49.7220618Z   Python3_ROOT_DIR: /opt/hostedtoolcache/Python/3.13.15/x64
2026-09-26T13:35:49.7221230Z   LD_LIBRARY_PATH: /opt/hostedtoolcache/Python/3.13.15/x64/lib
2026-09-26T13:35:49.7221629Z ##[endgroup]
2026-09-26T13:35:50.4815017Z Traceback (most recent call last):
2026-09-26T13:35:50.4977883Z   File "/home/runner/work/tina4-php/tina4-php/scripts/check_dependency_licenses.py", line 49, in <module>
2026-09-26T13:35:50.4978571Z     check(Path(__file__).resolve().parents[1])
2026-09-26T13:35:50.4979153Z     ~~~~~^^^^^^^^^^^^^^^^^^^^^^^^^^^^^^^^^^^^^
2026-09-26T13:35:50.4979737Z   File "/home/runner/work/tina4-php/tina4-php/scripts/check_dependency_licenses.py", line 29, in check
2026-09-26T13:35:50.4980426Z     raise ValueError('Dependency licence review required. Unreviewed: '
2026-09-26T13:35:50.4981018Z                      + repr(sorted(actual - reviewed)) + '; stale: ' + repr(sorted(reviewed - actual)))
2026-09-26T13:35:50.4981973Z ValueError: Dependency licence review required. Unreviewed: [('composer', 'nyholm/psr7', '1.8.2', 'MIT', ''), ('composer', 'psr/http-factory', '1.1.0', 'MIT', ''), ('composer', 'psr/http-message', '2.0', 'MIT', '')]; stale: []
2026-09-26T13:35:50.5081472Z ##[error]Process completed with exit code 1.
2026-09-26T13:35:50.5218745Z Post job cleanup.
2026-09-26T13:35:50.6089877Z [command]/usr/bin/git version
2026-09-26T13:35:50.6134638Z git version 2.55.0
2026-09-26T13:35:50.6175424Z Temporarily overriding HOME='/home/runner/work/_temp/48bcefb5-55f5-4142-be31-7d0c3a0237f4' before making global git config changes
2026-09-26T13:35:50.6176987Z Adding repository directory to the temporary git global config as a safe directory
2026-09-26T13:35:50.6182750Z [command]/usr/bin/git config --global --add safe.directory /home/runner/work/tina4-php/tina4-php
2026-09-26T13:35:50.6223829Z [command]/usr/bin/git config --local --name-only --get-regexp core\.sshCommand
2026-09-26T13:35:50.6256880Z [command]/usr/bin/git submodule foreach --recursive sh -c "git config --local --name-only --get-regexp 'core\.sshCommand' && git config --local --unset-all 'core.sshCommand' || :"
2026-09-26T13:35:50.6488758Z [command]/usr/bin/git config --local --name-only --get-regexp http\.https\:\/\/github\.com\/\.extraheader
2026-09-26T13:35:50.6527173Z http.https://github.com/.extraheader
2026-09-26T13:35:50.6530244Z [command]/usr/bin/git config --local --unset-all http.https://github.com/.extraheader
2026-09-26T13:35:50.6564834Z [command]/usr/bin/git submodule foreach --recursive sh -c "git config --local --name-only --get-regexp 'http\.https\:\/\/github\.com\/\.extraheader' && git config --local --unset-all 'http.https://github.com/.extraheader' || :"
2026-09-26T13:35:50.6785179Z [command]/usr/bin/git config --local --name-only --get-regexp ^includeIf\.gitdir:
2026-09-26T13:35:50.6819003Z [command]/usr/bin/git submodule foreach --recursive git config --local --show-origin --name-only --get-regexp remote.origin.url
2026-09-26T13:35:50.7161323Z Cleaning up orphan processes
2026-09-26T13:35:50.7429130Z ##[warning]Node.js 20 is deprecated. The following actions target Node.js 20 but are being forced to run on Node.js 24: actions/checkout@11d5960a326750d5838078e36cf38b85af677262, actions/setup-python@a26af69be951a213d495a4c3e4e4022e16d87065. For more information see: https://github.blog/changelog/2025-09-19-deprecation-of-node-20-on-github-actions-runners/
